error: unexpected end of input, expecting `for`
 --> $DIR/02-once-iter.rs:6:5
  |
6 |     c![n * n];
  |     ^^^^^^^^^^
  |
  = note: this error originates in a macro (in Nightly builds, run with -Z macro-backtrace for more info)
